// Jest Snapshot v1, https://goo.gl/fbAQLP

exports[`City renders correctly 1`] = `
<a
  className="locations__item-link tabs__item tabs__item--active"
  href="#"
  onClick={[Function]}
>
  <span>
    Amsterdam
  </span>
</a>
`;
