// Jest Snapshot v1, https://goo.gl/fbAQLP

exports[`Property review renders correclty 1`] = `
Array [
  <div
    className="reviews__user user"
  >
    <div
      className="reviews__avatar-wrapper user__avatar-wrapper"
    >
      <img
        alt="Test User"
        className="reviews__avatar user__avatar"
        height="54"
        src="/images/avatar.jpg"
        width="54"
      />
    </div>
    <span
      className="reviews__user-name"
    >
      Test User
    </span>
  </div>,
  <div
    className="reviews__info"
  >
    <div
      className="reviews__rating rating"
    >
      <div
        className="reviews__stars rating__stars"
      >
        <span
          style={
            Object {
              "width": "80%",
            }
          }
        />
        <span
          className="visually-hidden"
        >
          Rating
        </span>
      </div>
    </div>
    <p
      className="reviews__text"
    >
      Liked this place
    </p>
    <time
      className="reviews__time"
      dateTime="2019-05-29T08:10:37.218Z"
    >
      May
       
      29
      , 
      2019
    </time>
  </div>,
]
`;
